optseq2
7.4.1
NoSearch  = 0
tSearch  = 10 hours
nKeep    = 20
PctUpdate  = 10.000000
nCB1Opt  = 500
seed     = 720719
Ntp  = 360
TR   = 0.9
TPreScan   = 0
PSD Window   = 0 11.7 0.9
nEvTypes = 12
EvNo    Label Duration nRepsNom
 1      dur_0  0.900    6
 2      dur_1  0.900    6
 3      dur_2  0.900    7
 4      dur_3  0.900    7
 5      dur_4  0.900    7
 6      dur_5  0.900    7
 7      dur_6  0.900    7
 8      dur_7  0.900    7
 9      dur_8  0.900    7
10      dur_9  0.900    7
11     dur_10  0.900    7
12     dur_11  0.900    7
PctVarEvReps = 0
VarEvRepsPerCond = 0
PolyOrder = -1
tNullMax = 6.3
tNullMin = 2.7
AR1 = 0.3
No refractory penalty
Cost = eff
OutStem = design_12cond_focb_ok
Summary File = design_12cond_focb_ok.sum

Pct nSrch MinSrch Cost Eff Cb1Err VRFAvg VRFStd VRFMin VRFMax VRFRange nSince

BeginUpdateLog
 0       1     0.0   0.0226236  0.0226236  0.9600  3.56699  0.378653  2.81239  5.11386  2.30147 4335.63 0
 0      21     0.0   0.0227689  0.0227689  0.9604  3.60014  0.425956  2.69574  4.83367  2.13794 4324.96 0
 0      21     0.0   0.0227689  0.0227689  0.9604  3.60014  0.425956  2.69574  4.83367  2.13794 4324.96 0
 0      22     0.0   0.0227689  0.0227689  0.9604  3.60014  0.425956  2.69574  4.83367  2.13794 4324.96 0
 0      22     0.0   0.0227689  0.0227689  0.9604  3.60014  0.425956  2.69574  4.83367  2.13794 4324.96 0
 0      23     0.1   0.0227689  0.0227689  0.9604  3.60014  0.425956  2.69574  4.83367  2.13794 4324.96 0
 0      23     0.1   0.0227689  0.0227689  0.9604  3.60014  0.425956  2.69574  4.83367  2.13794 4324.96 0
 0      24     0.1   0.0227689  0.0227689  0.9604  3.60014  0.425956  2.69574  4.83367  2.13794 4324.96 0
 0      24     0.1   0.0227689  0.0227689  0.9604  3.60014  0.425956  2.69574  4.83367  2.13794 4324.96 0
 0      25     0.1   0.0227689  0.0227689  0.9604  3.60014  0.425956  2.69574  4.83367  2.13794 4324.96 0
 0      25     0.1   0.0227689  0.0227689  0.9604  3.60014  0.425956  2.69574  4.83367  2.13794 4324.96 0
 0      26     0.1   0.0227689  0.0227689  0.9604  3.60014  0.425956  2.69574  4.83367  2.13794 4324.96 0
 0      26     0.1   0.0227689  0.0227689  0.9604  3.60014  0.425956  2.69574  4.83367  2.13794 4324.96 0
 0      27     0.1   0.0227689  0.0227689  0.9604  3.60014  0.425956  2.69574  4.83367  2.13794 4324.96 0
 0      27     0.1   0.0227689  0.0227689  0.9604  3.60014  0.425956  2.69574  4.83367  2.13794 4324.96 0
 0      28     0.1   0.0227689  0.0227689  0.9604  3.60014  0.425956  2.69574  4.83367  2.13794 4324.96 0
 0      28     0.1   0.0227689  0.0227689  0.9604  3.60014  0.425956  2.69574  4.83367  2.13794 4324.96 0
 0      30     0.1   0.0227689  0.0227689  0.9604  3.60014  0.425956  2.69574  4.83367  2.13794 4324.96 1
 0      30     0.1   0.0227689  0.0227689  0.9604  3.60014  0.425956  2.69574  4.83367  2.13794 4324.96 0
 0      33     0.1   0.0227689  0.0227689  0.9604  3.60014  0.425956  2.69574  4.83367  2.13794 4324.96 2
 0      33     0.1   0.0227689  0.0227689  0.9604  3.60014  0.425956  2.69574  4.83367  2.13794 4324.96 0
 0      34     0.1   0.0227689  0.0227689  0.9604  3.60014  0.425956  2.69574  4.83367  2.13794 4324.96 0
 0      34     0.1   0.0231482  0.0231482  0.9190  3.65753  0.419488  2.75013  5.20309  2.45296 4322.81 0
 0      36     0.1   0.0231482  0.0231482  0.9190  3.65753  0.419488  2.75013  5.20309  2.45296 4322.81 1
 0      36     0.1   0.0231482  0.0231482  0.9190  3.65753  0.419488  2.75013  5.20309  2.45296 4322.81 0
 0      41     0.1   0.0231482  0.0231482  0.9190  3.65753  0.419488  2.75013  5.20309  2.45296 4322.81 4
 0      41     0.1   0.0231482  0.0231482  0.9190  3.65753  0.419488  2.75013  5.20309  2.45296 4322.81 0
 0      42     0.1   0.0231482  0.0231482  0.9190  3.65753  0.419488  2.75013  5.20309  2.45296 4322.81 0
 0      42     0.1   0.0231482  0.0231482  0.9190  3.65753  0.419488  2.75013  5.20309  2.45296 4322.81 0
 0      43     0.1   0.0231482  0.0231482  0.9190  3.65753  0.419488  2.75013  5.20309  2.45296 4322.81 0
 0      43     0.1   0.0231482  0.0231482  0.9190  3.65753  0.419488  2.75013  5.20309  2.45296 4322.81 0
 0      49     0.1   0.0231482  0.0231482  0.9190  3.65753  0.419488  2.75013  5.20309  2.45296 4322.81 5
 0      49     0.1   0.0231482  0.0231482  0.9190  3.65753  0.419488  2.75013  5.20309  2.45296 4322.81 0
 0      53     0.1   0.0231482  0.0231482  0.9190  3.65753  0.419488  2.75013  5.20309  2.45296 4322.81 3
 0      53     0.1   0.0231482  0.0231482  0.9190  3.65753  0.419488  2.75013  5.20309  2.45296 4322.81 0
 0      56     0.1   0.0231482  0.0231482  0.9190  3.65753  0.419488  2.75013  5.20309  2.45296 4322.81 2
 0      56     0.1   0.0231482  0.0231482  0.9190  3.65753  0.419488  2.75013  5.20309  2.45296 4322.81 0
 0      57     0.1   0.0231482  0.0231482  0.9190  3.65753  0.419488  2.75013  5.20309  2.45296 4322.81 0
 0      57     0.1   0.0231482  0.0231482  0.9190  3.65753  0.419488  2.75013  5.20309  2.45296 4322.81 0
 0      58     0.1   0.0231482  0.0231482  0.9190  3.65753  0.419488  2.75013  5.20309  2.45296 4322.81 0
 0      58     0.1   0.0231482  0.0231482  0.9190  3.65753  0.419488  2.75013  5.20309  2.45296 4322.81 0
 0      60     0.1   0.0231482  0.0231482  0.9190  3.65753  0.419488  2.75013  5.20309  2.45296 4322.81 1
 0      60     0.1   0.0231482  0.0231482  0.9190  3.65753  0.419488  2.75013  5.20309  2.45296 4322.81 0
 0      62     0.1   0.0231482  0.0231482  0.9190  3.65753  0.419488  2.75013  5.20309  2.45296 4322.81 1
 0      62     0.1   0.0231482  0.0231482  0.9190  3.65753  0.419488  2.75013  5.20309  2.45296 4322.81 0
 0      69     0.1   0.0231482  0.0231482  0.9190  3.65753  0.419488  2.75013  5.20309  2.45296 4322.81 6
 0      69     0.1   0.0231482  0.0231482  0.9190  3.65753  0.419488  2.75013  5.20309  2.45296 4322.81 0
 0      74     0.1   0.0231482  0.0231482  0.9190  3.65753  0.419488  2.75013  5.20309  2.45296 4322.81 4
 0      74     0.1   0.0231482  0.0231482  0.9190  3.65753  0.419488  2.75013  5.20309  2.45296 4322.81 0
 0      76     0.1   0.0231482  0.0231482  0.9190  3.65753  0.419488  2.75013  5.20309  2.45296 4322.81 1
 0      76     0.1   0.0231482  0.0231482  0.9190  3.65753  0.419488  2.75013  5.20309  2.45296 4322.81 0
 0      82     0.1   0.0231482  0.0231482  0.9190  3.65753  0.419488  2.75013  5.20309  2.45296 4322.81 5
 0      82     0.1   0.0231482  0.0231482  0.9190  3.65753  0.419488  2.75013  5.20309  2.45296 4322.81 0
 0      93     0.1   0.0231482  0.0231482  0.9190  3.65753  0.419488  2.75013  5.20309  2.45296 4322.81 10
 0      93     0.1   0.0231482  0.0231482  0.9190  3.65753  0.419488  2.75013  5.20309  2.45296 4322.81 0
 0      96     0.1   0.0231482  0.0231482  0.9190  3.65753  0.419488  2.75013  5.20309  2.45296 4322.81 2
 0      96     0.1   0.0231482  0.0231482  0.9190  3.65753  0.419488  2.75013  5.20309  2.45296 4322.81 0
 0      98     0.1   0.0231482  0.0231482  0.9190  3.65753  0.419488  2.75013  5.20309  2.45296 4322.81 1
 0      98     0.1   0.0231482  0.0231482  0.9190  3.65753  0.419488  2.75013  5.20309  2.45296 4322.81 0
 0     101     0.2   0.0231482  0.0231482  0.9190  3.65753  0.419488  2.75013  5.20309  2.45296 4322.81 2
 0     101     0.2   0.0231482  0.0231482  0.9190  3.65753  0.419488  2.75013  5.20309  2.45296 4322.81 0
 0     102     0.2   0.0231482  0.0231482  0.9190  3.65753  0.419488  2.75013  5.20309  2.45296 4322.81 0
 0     102     0.2   0.0231482  0.0231482  0.9190  3.65753  0.419488  2.75013  5.20309  2.45296 4322.81 0
 0     103     0.2   0.0231482  0.0231482  0.9190  3.65753  0.419488  2.75013  5.20309  2.45296 4322.81 0
 0     103     0.2   0.0231482  0.0231482  0.9190  3.65753  0.419488  2.75013  5.20309  2.45296 4322.81 0
 0     105     0.2   0.0231482  0.0231482  0.9190  3.65753  0.419488  2.75013  5.20309  2.45296 4322.81 1
 0     105     0.2   0.0231482  0.0231482  0.9190  3.65753  0.419488  2.75013  5.20309  2.45296 4322.81 0
 0     107     0.2   0.0231482  0.0231482  0.9190  3.65753  0.419488  2.75013  5.20309  2.45296 4322.81 1
 0     107     0.2   0.0231482  0.0231482  0.9190  3.65753  0.419488  2.75013  5.20309  2.45296 4322.81 0
 0     109     0.2   0.0231482  0.0231482  0.9190  3.65753  0.419488  2.75013  5.20309  2.45296 4322.81 1
 0     109     0.2   0.0231482  0.0231482  0.9190  3.65753  0.419488  2.75013  5.20309  2.45296 4322.81 0
 0     112     0.2   0.0231482  0.0231482  0.9190  3.65753  0.419488  2.75013  5.20309  2.45296 4322.81 2
 0     112     0.2   0.0231482  0.0231482  0.9190  3.65753  0.419488  2.75013  5.20309  2.45296 4322.81 0
 0     113     0.2   0.0231482  0.0231482  0.9190  3.65753  0.419488  2.75013  5.20309  2.45296 4322.81 0
 0     113     0.2   0.0231482  0.0231482  0.9190  3.65753  0.419488  2.75013  5.20309  2.45296 4322.81 0
 0     120     0.2   0.0231482  0.0231482  0.9190  3.65753  0.419488  2.75013  5.20309  2.45296 4322.81 6
 0     120     0.2   0.0231482  0.0231482  0.9190  3.65753  0.419488  2.75013  5.20309  2.45296 4322.81 0
 0     128     0.2   0.0231482  0.0231482  0.9190  3.65753  0.419488  2.75013  5.20309  2.45296 4322.81 7
 0     128     0.2   0.0231482  0.0231482  0.9190  3.65753  0.419488  2.75013  5.20309  2.45296 4322.81 0
 0     138     0.2   0.0231482  0.0231482  0.9190  3.65753  0.419488  2.75013  5.20309  2.45296 4322.81 9
 0     138     0.2   0.0231482  0.0231482  0.9190  3.65753  0.419488  2.75013  5.20309  2.45296 4322.81 0
 0     149     0.2   0.0231482  0.0231482  0.9190  3.65753  0.419488  2.75013  5.20309  2.45296 4322.81 10
 0     149     0.2   0.0231482  0.0231482  0.9190  3.65753  0.419488  2.75013  5.20309  2.45296 4322.81 0
 0     154     0.2   0.0231482  0.0231482  0.9190  3.65753  0.419488  2.75013  5.20309  2.45296 4322.81 4
 0     154     0.2   0.0231482  0.0231482  0.9190  3.65753  0.419488  2.75013  5.20309  2.45296 4322.81 0
 0     161     0.2   0.0231482  0.0231482  0.9190  3.65753  0.419488  2.75013  5.20309  2.45296 4322.81 6
 0     161     0.2   0.0231482  0.0231482  0.9190  3.65753  0.419488  2.75013  5.20309  2.45296 4322.81 0
 0     166     0.3   0.0231482  0.0231482  0.9190  3.65753  0.419488  2.75013  5.20309  2.45296 4322.81 4
 0     166     0.3   0.0231482  0.0231482  0.9190  3.65753  0.419488  2.75013  5.20309  2.45296 4322.81 0
 0     179     0.3   0.0231482  0.0231482  0.9190  3.65753  0.419488  2.75013  5.20309  2.45296 4322.81 12
 0     179     0.3   0.0231482  0.0231482  0.9190  3.65753  0.419488  2.75013  5.20309  2.45296 4322.81 0
 0     193     0.3   0.0231482  0.0231482  0.9190  3.65753  0.419488  2.75013  5.20309  2.45296 4322.81 13
 0     193     0.3   0.0231482  0.0231482  0.9190  3.65753  0.419488  2.75013  5.20309  2.45296 4322.81 0
 0     202     0.3   0.0231482  0.0231482  0.9190  3.65753  0.419488  2.75013  5.20309  2.45296 4322.81 8
 0     202     0.3   0.0231482  0.0231482  0.9190  3.65753  0.419488  2.75013  5.20309  2.45296 4322.81 0
 0     215     0.3   0.0231482  0.0231482  0.9190  3.65753  0.419488  2.75013  5.20309  2.45296 4322.81 12
 0     215     0.3   0.0231482  0.0231482  0.9190  3.65753  0.419488  2.75013  5.20309  2.45296 4322.81 0
 0     226     0.3   0.0231482  0.0231482  0.9190  3.65753  0.419488  2.75013  5.20309  2.45296 4322.81 10
 0     226     0.3   0.0231482  0.0231482  0.9190  3.65753  0.419488  2.75013  5.20309  2.45296 4322.81 0
 0     232     0.4   0.0231482  0.0231482  0.9190  3.65753  0.419488  2.75013  5.20309  2.45296 4322.81 5
 0     232     0.4   0.0232149  0.0232149  0.9468  3.65171  0.342477  2.92725  5.0303  2.10304 4300.76 0
 0     269     0.4   0.0232149  0.0232149  0.9468  3.65171  0.342477  2.92725  5.0303  2.10304 4300.76 36
 0     269     0.4   0.0232149  0.0232149  0.9468  3.65171  0.342477  2.92725  5.0303  2.10304 4300.76 0
 0     283     0.4   0.0232149  0.0232149  0.9468  3.65171  0.342477  2.92725  5.0303  2.10304 4300.76 13
 0     283     0.4   0.0232149  0.0232149  0.9468  3.65171  0.342477  2.92725  5.0303  2.10304 4300.76 0
 0     321     0.5   0.0232149  0.0232149  0.9468  3.65171  0.342477  2.92725  5.0303  2.10304 4300.76 37
 0     321     0.5   0.0232149  0.0232149  0.9468  3.65171  0.342477  2.92725  5.0303  2.10304 4300.76 0
 0     323     0.5   0.0232149  0.0232149  0.9468  3.65171  0.342477  2.92725  5.0303  2.10304 4300.76 1
 0     323     0.5   0.0232232  0.0232232  0.9478  3.67058  0.416263  2.53619  4.89538  2.35919 4324.3 0
 0     326     0.5   0.0232232  0.0232232  0.9478  3.67058  0.416263  2.53619  4.89538  2.35919 4324.3 2
 0     326     0.5   0.0232232  0.0232232  0.9478  3.67058  0.416263  2.53619  4.89538  2.35919 4324.3 0
 0     334     0.5   0.0232232  0.0232232  0.9478  3.67058  0.416263  2.53619  4.89538  2.35919 4324.3 7
 0     334     0.5   0.0233471  0.0233471  0.9184  3.68792  0.408895  2.50858  4.6849  2.17633 4325.61 0
 0     337     0.5   0.0233471  0.0233471  0.9184  3.68792  0.408895  2.50858  4.6849  2.17633 4325.61 2
 0     337     0.5   0.0237589  0.0237589  0.9726  3.74242  0.37243  2.95586  4.89203  1.93617 4314.86 0
 0     342     0.5   0.0237589  0.0237589  0.9726  3.74242  0.37243  2.95586  4.89203  1.93617 4314.86 4
 0     342     0.5   0.0237589  0.0237589  0.9726  3.74242  0.37243  2.95586  4.89203  1.93617 4314.86 0
 0     379     0.6   0.0237589  0.0237589  0.9726  3.74242  0.37243  2.95586  4.89203  1.93617 4314.86 36
 0     379     0.6   0.0237589  0.0237589  0.9726  3.74242  0.37243  2.95586  4.89203  1.93617 4314.86 0
 0     392     0.6   0.0237589  0.0237589  0.9726  3.74242  0.37243  2.95586  4.89203  1.93617 4314.86 12
 0     392     0.6   0.0237589  0.0237589  0.9726  3.74242  0.37243  2.95586  4.89203  1.93617 4314.86 0
 0     433     0.7   0.0237589  0.0237589  0.9726  3.74242  0.37243  2.95586  4.89203  1.93617 4314.86 40
 0     433     0.7   0.0237589  0.0237589  0.9726  3.74242  0.37243  2.95586  4.89203  1.93617 4314.86 0
 0     437     0.7   0.0237589  0.0237589  0.9726  3.74242  0.37243  2.95586  4.89203  1.93617 4314.86 3
 0     437     0.7   0.0237589  0.0237589  0.9726  3.74242  0.37243  2.95586  4.89203  1.93617 4314.86 0
 0     439     0.7   0.0237589  0.0237589  0.9726  3.74242  0.37243  2.95586  4.89203  1.93617 4314.86 1
 0     439     0.7   0.0237589  0.0237589  0.9726  3.74242  0.37243  2.95586  4.89203  1.93617 4314.86 0
 0     453     0.7   0.0237589  0.0237589  0.9726  3.74242  0.37243  2.95586  4.89203  1.93617 4314.86 13
 0     453     0.7   0.0237589  0.0237589  0.9726  3.74242  0.37243  2.95586  4.89203  1.93617 4314.86 0
 0     473     0.7   0.0237589  0.0237589  0.9726  3.74242  0.37243  2.95586  4.89203  1.93617 4314.86 19
 0     473     0.7   0.0237589  0.0237589  0.9726  3.74242  0.37243  2.95586  4.89203  1.93617 4314.86 0
 0     539     0.8   0.0237589  0.0237589  0.9726  3.74242  0.37243  2.95586  4.89203  1.93617 4314.86 65
 0     539     0.8   0.0237589  0.0237589  0.9726  3.74242  0.37243  2.95586  4.89203  1.93617 4314.86 0
 0     545     0.9   0.0237589  0.0237589  0.9726  3.74242  0.37243  2.95586  4.89203  1.93617 4314.86 5
 0     545     0.9   0.0237589  0.0237589  0.9726  3.74242  0.37243  2.95586  4.89203  1.93617 4314.86 0
 0     554     0.9   0.0237589  0.0237589  0.9726  3.74242  0.37243  2.95586  4.89203  1.93617 4314.86 8
 0     554     0.9   0.0237589  0.0237589  0.9726  3.74242  0.37243  2.95586  4.89203  1.93617 4314.86 0
 0     582     0.9   0.0237589  0.0237589  0.9726  3.74242  0.37243  2.95586  4.89203  1.93617 4314.86 27
 0     582     0.9   0.0237589  0.0237589  0.9726  3.74242  0.37243  2.95586  4.89203  1.93617 4314.86 0
 0     601     0.9   0.0237589  0.0237589  0.9726  3.74242  0.37243  2.95586  4.89203  1.93617 4314.86 18
 0     601     0.9   0.0237589  0.0237589  0.9726  3.74242  0.37243  2.95586  4.89203  1.93617 4314.86 0
 0     604     0.9   0.0237589  0.0237589  0.9726  3.74242  0.37243  2.95586  4.89203  1.93617 4314.86 2
 0     604     0.9   0.0237589  0.0237589  0.9726  3.74242  0.37243  2.95586  4.89203  1.93617 4314.86 0
 0     726     1.1   0.0237589  0.0237589  0.9726  3.74242  0.37243  2.95586  4.89203  1.93617 4314.86 121
 0     726     1.1   0.0237589  0.0237589  0.9726  3.74242  0.37243  2.95586  4.89203  1.93617 4314.86 0
 0     790     1.2   0.0237589  0.0237589  0.9726  3.74242  0.37243  2.95586  4.89203  1.93617 4314.86 63
 0     790     1.2   0.0237589  0.0237589  0.9726  3.74242  0.37243  2.95586  4.89203  1.93617 4314.86 0
 0     820     1.3   0.0237589  0.0237589  0.9726  3.74242  0.37243  2.95586  4.89203  1.93617 4314.86 29
 0     820     1.3   0.0237589  0.0237589  0.9726  3.74242  0.37243  2.95586  4.89203  1.93617 4314.86 0
 0     865     1.4   0.0237589  0.0237589  0.9726  3.74242  0.37243  2.95586  4.89203  1.93617 4314.86 44
 0     865     1.4   0.0237589  0.0237589  0.9726  3.74242  0.37243  2.95586  4.89203  1.93617 4314.86 0
 0     875     1.4   0.0237589  0.0237589  0.9726  3.74242  0.37243  2.95586  4.89203  1.93617 4314.86 9
 0     875     1.4   0.0237589  0.0237589  0.9726  3.74242  0.37243  2.95586  4.89203  1.93617 4314.86 0
 0     884     1.4   0.0237589  0.0237589  0.9726  3.74242  0.37243  2.95586  4.89203  1.93617 4314.86 8
 0     884     1.4   0.0237589  0.0237589  0.9726  3.74242  0.37243  2.95586  4.89203  1.93617 4314.86 0
 0     931     1.4   0.0237589  0.0237589  0.9726  3.74242  0.37243  2.95586  4.89203  1.93617 4314.86 46
 0     931     1.4   0.0237589  0.0237589  0.9726  3.74242  0.37243  2.95586  4.89203  1.93617 4314.86 0
 0    1020     1.6   0.0237589  0.0237589  0.9726  3.74242  0.37243  2.95586  4.89203  1.93617 4314.86 88
 0    1020     1.6   0.0237589  0.0237589  0.9726  3.74242  0.37243  2.95586  4.89203  1.93617 4314.86 0
 0    1027     1.6   0.0237589  0.0237589  0.9726  3.74242  0.37243  2.95586  4.89203  1.93617 4314.86 6
 0    1027     1.6   0.0237589  0.0237589  0.9726  3.74242  0.37243  2.95586  4.89203  1.93617 4314.86 0
 0    1073     1.7   0.0237589  0.0237589  0.9726  3.74242  0.37243  2.95586  4.89203  1.93617 4314.86 45
 0    1073     1.7   0.0237589  0.0237589  0.9726  3.74242  0.37243  2.95586  4.89203  1.93617 4314.86 0
 0    1108     1.7   0.0237589  0.0237589  0.9726  3.74242  0.37243  2.95586  4.89203  1.93617 4314.86 34
 0    1108     1.7   0.0237589  0.0237589  0.9726  3.74242  0.37243  2.95586  4.89203  1.93617 4314.86 0
 0    1127     1.8   0.0237589  0.0237589  0.9726  3.74242  0.37243  2.95586  4.89203  1.93617 4314.86 18
 0    1127     1.8   0.0237589  0.0237589  0.9726  3.74242  0.37243  2.95586  4.89203  1.93617 4314.86 0
 0    1131     1.8   0.0237589  0.0237589  0.9726  3.74242  0.37243  2.95586  4.89203  1.93617 4314.86 3
 0    1131     1.8   0.0237589  0.0237589  0.9726  3.74242  0.37243  2.95586  4.89203  1.93617 4314.86 0
 0    1171     1.8   0.0237589  0.0237589  0.9726  3.74242  0.37243  2.95586  4.89203  1.93617 4314.86 39
 0    1171     1.8   0.0237589  0.0237589  0.9726  3.74242  0.37243  2.95586  4.89203  1.93617 4314.86 0
 0    1178     1.8   0.0237589  0.0237589  0.9726  3.74242  0.37243  2.95586  4.89203  1.93617 4314.86 6
 0    1178     1.8   0.0237589  0.0237589  0.9726  3.74242  0.37243  2.95586  4.89203  1.93617 4314.86 0
 0    1205     1.9   0.0237589  0.0237589  0.9726  3.74242  0.37243  2.95586  4.89203  1.93617 4314.86 26
 0    1205     1.9   0.0237589  0.0237589  0.9726  3.74242  0.37243  2.95586  4.89203  1.93617 4314.86 0
 0    1321     2.0   0.0237589  0.0237589  0.9726  3.74242  0.37243  2.95586  4.89203  1.93617 4314.86 115
 0    1321     2.0   0.0237589  0.0237589  0.9726  3.74242  0.37243  2.95586  4.89203  1.93617 4314.86 0
 0    1377     2.1   0.0237589  0.0237589  0.9726  3.74242  0.37243  2.95586  4.89203  1.93617 4314.86 55
 0    1377     2.1   0.0237589  0.0237589  0.9726  3.74242  0.37243  2.95586  4.89203  1.93617 4314.86 0
 0    1403     2.2   0.0237589  0.0237589  0.9726  3.74242  0.37243  2.95586  4.89203  1.93617 4314.86 25
 0    1403     2.2   0.0237589  0.0237589  0.9726  3.74242  0.37243  2.95586  4.89203  1.93617 4314.86 0
 0    1602     2.5   0.0237589  0.0237589  0.9726  3.74242  0.37243  2.95586  4.89203  1.93617 4314.86 198
 0    1602     2.5   0.0237589  0.0237589  0.9726  3.74242  0.37243  2.95586  4.89203  1.93617 4314.86 0
 0    1661     2.6   0.0237589  0.0237589  0.9726  3.74242  0.37243  2.95586  4.89203  1.93617 4314.86 58
 0    1661     2.6   0.0237589  0.0237589  0.9726  3.74242  0.37243  2.95586  4.89203  1.93617 4314.86 0
 0    1673     2.6   0.0237589  0.0237589  0.9726  3.74242  0.37243  2.95586  4.89203  1.93617 4314.86 11
 0    1673     2.6   0.0237589  0.0237589  0.9726  3.74242  0.37243  2.95586  4.89203  1.93617 4314.86 0
 0    1721     2.7   0.0237589  0.0237589  0.9726  3.74242  0.37243  2.95586  4.89203  1.93617 4314.86 47
 0    1721     2.7   0.0237589  0.0237589  0.9726  3.74242  0.37243  2.95586  4.89203  1.93617 4314.86 0
 0    1784     2.8   0.0237589  0.0237589  0.9726  3.74242  0.37243  2.95586  4.89203  1.93617 4314.86 62
 0    1784     2.8   0.0237589  0.0237589  0.9726  3.74242  0.37243  2.95586  4.89203  1.93617 4314.86 0
 1    2202     3.4   0.0237589  0.0237589  0.9726  3.74242  0.37243  2.95586  4.89203  1.93617 4314.86 417
 1    2202     3.4   0.0238329  0.0238329  0.9465  3.74919  0.342322  2.87623  4.56908  1.69285 4337.63 0
 1    2342     3.6   0.0238329  0.0238329  0.9465  3.74919  0.342322  2.87623  4.56908  1.69285 4337.63 139
 1    2342     3.6   0.0238329  0.0238329  0.9465  3.74919  0.342322  2.87623  4.56908  1.69285 4337.63 0
 1    2518     3.9   0.0238329  0.0238329  0.9465  3.74919  0.342322  2.87623  4.56908  1.69285 4337.63 175
 1    2518     3.9   0.0238329  0.0238329  0.9465  3.74919  0.342322  2.87623  4.56908  1.69285 4337.63 0
 1    2549     3.9   0.0238329  0.0238329  0.9465  3.74919  0.342322  2.87623  4.56908  1.69285 4337.63 30
 1    2549     3.9   0.0238329  0.0238329  0.9465  3.74919  0.342322  2.87623  4.56908  1.69285 4337.63 0
 1    2642     4.1   0.0238329  0.0238329  0.9465  3.74919  0.342322  2.87623  4.56908  1.69285 4337.63 92
 1    2642     4.1   0.0238329  0.0238329  0.9465  3.74919  0.342322  2.87623  4.56908  1.69285 4337.63 0
 1    2689     4.2   0.0238329  0.0238329  0.9465  3.74919  0.342322  2.87623  4.56908  1.69285 4337.63 46
 1    2689     4.2   0.0238329  0.0238329  0.9465  3.74919  0.342322  2.87623  4.56908  1.69285 4337.63 0
 1    2734     4.2   0.0238329  0.0238329  0.9465  3.74919  0.342322  2.87623  4.56908  1.69285 4337.63 44
 1    2734     4.2   0.0238329  0.0238329  0.9465  3.74919  0.342322  2.87623  4.56908  1.69285 4337.63 0
 1    2799     4.3   0.0238329  0.0238329  0.9465  3.74919  0.342322  2.87623  4.56908  1.69285 4337.63 64
 1    2799     4.3   0.0238329  0.0238329  0.9465  3.74919  0.342322  2.87623  4.56908  1.69285 4337.63 0
 1    2961     4.6   0.0238329  0.0238329  0.9465  3.74919  0.342322  2.87623  4.56908  1.69285 4337.63 161
 1    2961     4.6   0.0238329  0.0238329  0.9465  3.74919  0.342322  2.87623  4.56908  1.69285 4337.63 0
 1    2974     4.6   0.0238329  0.0238329  0.9465  3.74919  0.342322  2.87623  4.56908  1.69285 4337.63 12
 1    2974     4.6   0.0238329  0.0238329  0.9465  3.74919  0.342322  2.87623  4.56908  1.69285 4337.63 0
 1    2975     4.6   0.0238329  0.0238329  0.9465  3.74919  0.342322  2.87623  4.56908  1.69285 4337.63 0
 1    2975     4.6   0.0238329  0.0238329  0.9465  3.74919  0.342322  2.87623  4.56908  1.69285 4337.63 0
 1    3111     4.8   0.0238329  0.0238329  0.9465  3.74919  0.342322  2.87623  4.56908  1.69285 4337.63 135
 1    3111     4.8   0.0238329  0.0238329  0.9465  3.74919  0.342322  2.87623  4.56908  1.69285 4337.63 0
 1    3385     5.2   0.0238329  0.0238329  0.9465  3.74919  0.342322  2.87623  4.56908  1.69285 4337.63 273
 1    3385     5.2   0.0238572  0.0238572  0.9468  3.75875  0.372233  2.68995  4.87427  2.18432 4330.72 0
 1    4132     6.4   0.0238572  0.0238572  0.9468  3.75875  0.372233  2.68995  4.87427  2.18432 4330.72 746
 1    4132     6.4   0.0238572  0.0238572  0.9468  3.75875  0.372233  2.68995  4.87427  2.18432 4330.72 0
 1    4768     7.4   0.0238572  0.0238572  0.9468  3.75875  0.372233  2.68995  4.87427  2.18432 4330.72 635
 1    4768     7.4   0.0238572  0.0238572  0.9468  3.75875  0.372233  2.68995  4.87427  2.18432 4330.72 0
 1    4841     7.5   0.0238572  0.0238572  0.9468  3.75875  0.372233  2.68995  4.87427  2.18432 4330.72 72
 1    4841     7.5   0.0238572  0.0238572  0.9468  3.75875  0.372233  2.68995  4.87427  2.18432 4330.72 0
 1    5287     8.2   0.0238572  0.0238572  0.9468  3.75875  0.372233  2.68995  4.87427  2.18432 4330.72 445
 1    5287     8.2   0.0238572  0.0238572  0.9468  3.75875  0.372233  2.68995  4.87427  2.18432 4330.72 0
 1    5294     8.2   0.0238572  0.0238572  0.9468  3.75875  0.372233  2.68995  4.87427  2.18432 4330.72 6
 1    5294     8.2   0.0238572  0.0238572  0.9468  3.75875  0.372233  2.68995  4.87427  2.18432 4330.72 0
 1    5410     8.4   0.0238572  0.0238572  0.9468  3.75875  0.372233  2.68995  4.87427  2.18432 4330.72 115
 1    5410     8.4   0.0238572  0.0238572  0.9468  3.75875  0.372233  2.68995  4.87427  2.18432 4330.72 0
 1    5574     8.6   0.0238572  0.0238572  0.9468  3.75875  0.372233  2.68995  4.87427  2.18432 4330.72 163
 1    5574     8.6   0.0238572  0.0238572  0.9468  3.75875  0.372233  2.68995  4.87427  2.18432 4330.72 0
 2    5867     9.1   0.0238572  0.0238572  0.9468  3.75875  0.372233  2.68995  4.87427  2.18432 4330.72 292
 2    5867     9.1   0.0238572  0.0238572  0.9468  3.75875  0.372233  2.68995  4.87427  2.18432 4330.72 0
 2    5947     9.2   0.0238572  0.0238572  0.9468  3.75875  0.372233  2.68995  4.87427  2.18432 4330.72 79
 2    5947     9.2   0.0238572  0.0238572  0.9468  3.75875  0.372233  2.68995  4.87427  2.18432 4330.72 0
 2    6133     9.5   0.0238572  0.0238572  0.9468  3.75875  0.372233  2.68995  4.87427  2.18432 4330.72 185
 2    6133     9.5   0.0239774  0.0239774  0.9720  3.77321  0.352002  2.74647  4.79697  2.0505 4297.7 0
 2    6165     9.5   0.0239774  0.0239774  0.9720  3.77321  0.352002  2.74647  4.79697  2.0505 4297.7 31
 2    6165     9.5   0.0239774  0.0239774  0.9720  3.77321  0.352002  2.74647  4.79697  2.0505 4297.7 0
 2    6240     9.6   0.0239774  0.0239774  0.9720  3.77321  0.352002  2.74647  4.79697  2.0505 4297.7 74
 2    6240     9.6   0.0239774  0.0239774  0.9720  3.77321  0.352002  2.74647  4.79697  2.0505 4297.7 0
 2    6260     9.7   0.0239774  0.0239774  0.9720  3.77321  0.352002  2.74647  4.79697  2.0505 4297.7 19
 2    6260     9.7   0.0239774  0.0239774  0.9720  3.77321  0.352002  2.74647  4.79697  2.0505 4297.7 0
 2    6954    10.8   0.0239774  0.0239774  0.9720  3.77321  0.352002  2.74647  4.79697  2.0505 4297.7 693
 2    6954    10.8   0.0239774  0.0239774  0.9720  3.77321  0.352002  2.74647  4.79697  2.0505 4297.7 0
 2    7122    11.0   0.0239774  0.0239774  0.9720  3.77321  0.352002  2.74647  4.79697  2.0505 4297.7 167
 2    7122    11.0   0.0240075  0.0240075  0.9587  3.77336  0.328114  2.98302  4.70954  1.72652 4295.73 0
 2    7319    11.3   0.0240075  0.0240075  0.9587  3.77336  0.328114  2.98302  4.70954  1.72652 4295.73 196
 2    7319    11.3   0.0240075  0.0240075  0.9587  3.77336  0.328114  2.98302  4.70954  1.72652 4295.73 0
 2    7342    11.4   0.0240075  0.0240075  0.9587  3.77336  0.328114  2.98302  4.70954  1.72652 4295.73 22
 2    7342    11.4   0.0240075  0.0240075  0.9587  3.77336  0.328114  2.98302  4.70954  1.72652 4295.73 0
 2    7627    11.8   0.0240075  0.0240075  0.9587  3.77336  0.328114  2.98302  4.70954  1.72652 4295.73 284
 2    7627    11.8   0.0240075  0.0240075  0.9587  3.77336  0.328114  2.98302  4.70954  1.72652 4295.73 0
 2    7929    12.2   0.0240075  0.0240075  0.9587  3.77336  0.328114  2.98302  4.70954  1.72652 4295.73 301
 2    7929    12.2   0.0240075  0.0240075  0.9587  3.77336  0.328114  2.98302  4.70954  1.72652 4295.73 0
 2    8082    12.5   0.0240075  0.0240075  0.9587  3.77336  0.328114  2.98302  4.70954  1.72652 4295.73 152
 2    8082    12.5   0.0240075  0.0240075  0.9587  3.77336  0.328114  2.98302  4.70954  1.72652 4295.73 0
 2    8437    13.0   0.0240075  0.0240075  0.9587  3.77336  0.328114  2.98302  4.70954  1.72652 4295.73 354
 2    8437    13.0   0.024559  0.024559  0.9465  3.87151  0.394535  3.02986  4.90394  1.87408 4312.79 0
 2    8477    13.1   0.024559  0.024559  0.9465  3.87151  0.394535  3.02986  4.90394  1.87408 4312.79 39
 2    8477    13.1   0.024559  0.024559  0.9465  3.87151  0.394535  3.02986  4.90394  1.87408 4312.79 0
 2    8679    13.4   0.024559  0.024559  0.9465  3.87151  0.394535  3.02986  4.90394  1.87408 4312.79 201
 2    8679    13.4   0.024559  0.024559  0.9465  3.87151  0.394535  3.02986  4.90394  1.87408 4312.79 0
 2    9300    14.4   0.024559  0.024559  0.9465  3.87151  0.394535  3.02986  4.90394  1.87408 4312.79 620
 2    9300    14.4   0.024559  0.024559  0.9465  3.87151  0.394535  3.02986  4.90394  1.87408 4312.79 0
 2    9640    14.9   0.024559  0.024559  0.9465  3.87151  0.394535  3.02986  4.90394  1.87408 4312.79 339
 2    9640    14.9   0.024559  0.024559  0.9465  3.87151  0.394535  3.02986  4.90394  1.87408 4312.79 0
 3    9976    15.4   0.024559  0.024559  0.9465  3.87151  0.394535  3.02986  4.90394  1.87408 4312.79 335
 3    9976    15.4   0.024559  0.024559  0.9465  3.87151  0.394535  3.02986  4.90394  1.87408 4312.79 0
 3   10736    16.6   0.024559  0.024559  0.9465  3.87151  0.394535  3.02986  4.90394  1.87408 4312.79 759
 3   10736    16.6   0.024559  0.024559  0.9465  3.87151  0.394535  3.02986  4.90394  1.87408 4312.79 0
 3   11663    18.0   0.024559  0.024559  0.9465  3.87151  0.394535  3.02986  4.90394  1.87408 4312.79 926
 3   11663    18.0   0.024559  0.024559  0.9465  3.87151  0.394535  3.02986  4.90394  1.87408 4312.79 0
 3   11797    18.2   0.024559  0.024559  0.9465  3.87151  0.394535  3.02986  4.90394  1.87408 4312.79 133
 3   11797    18.2   0.024559  0.024559  0.9465  3.87151  0.394535  3.02986  4.90394  1.87408 4312.79 0
 3   12929    20.0   0.024559  0.024559  0.9465  3.87151  0.394535  3.02986  4.90394  1.87408 4312.79 1131
 3   12929    20.0   0.024559  0.024559  0.9465  3.87151  0.394535  3.02986  4.90394  1.87408 4312.79 0
 3   12930    20.0   0.024559  0.024559  0.9465  3.87151  0.394535  3.02986  4.90394  1.87408 4312.79 0
 3   12930    20.0   0.024559  0.024559  0.9465  3.87151  0.394535  3.02986  4.90394  1.87408 4312.79 0
 3   13343    20.6   0.024559  0.024559  0.9465  3.87151  0.394535  3.02986  4.90394  1.87408 4312.79 412
 3   13343    20.6   0.024559  0.024559  0.9465  3.87151  0.394535  3.02986  4.90394  1.87408 4312.79 0
 3   13402    20.7   0.024559  0.024559  0.9465  3.87151  0.394535  3.02986  4.90394  1.87408 4312.79 58
 3   13402    20.7   0.024559  0.024559  0.9465  3.87151  0.394535  3.02986  4.90394  1.87408 4312.79 0
 4   13593    21.0   0.024559  0.024559  0.9465  3.87151  0.394535  3.02986  4.90394  1.87408 4312.79 190
 4   13593    21.0   0.024559  0.024559  0.9465  3.87151  0.394535  3.02986  4.90394  1.87408 4312.79 0
 4   13945    21.6   0.024559  0.024559  0.9465  3.87151  0.394535  3.02986  4.90394  1.87408 4312.79 351
 4   13945    21.6   0.024559  0.024559  0.9465  3.87151  0.394535  3.02986  4.90394  1.87408 4312.79 0
 4   15327    23.7   0.024559  0.024559  0.9465  3.87151  0.394535  3.02986  4.90394  1.87408 4312.79 1381
 4   15327    23.7   0.024559  0.024559  0.9465  3.87151  0.394535  3.02986  4.90394  1.87408 4312.79 0
 4   17302    26.8   0.024559  0.024559  0.9465  3.87151  0.394535  3.02986  4.90394  1.87408 4312.79 1974
 4   17302    26.8   0.024559  0.024559  0.9465  3.87151  0.394535  3.02986  4.90394  1.87408 4312.79 0
 5   18917    29.2   0.024559  0.024559  0.9465  3.87151  0.394535  3.02986  4.90394  1.87408 4312.79 1614
 5   18917    29.2   0.024559  0.024559  0.9465  3.87151  0.394535  3.02986  4.90394  1.87408 4312.79 0
 5   19318    29.9   0.024559  0.024559  0.9465  3.87151  0.394535  3.02986  4.90394  1.87408 4312.79 400
 5   19318    29.9   0.024559  0.024559  0.9465  3.87151  0.394535  3.02986  4.90394  1.87408 4312.79 0
 5   19526    30.2   0.024559  0.024559  0.9465  3.87151  0.394535  3.02986  4.90394  1.87408 4312.79 207
 5   19526    30.2   0.024559  0.024559  0.9465  3.87151  0.394535  3.02986  4.90394  1.87408 4312.79 0
 5   21345    33.0   0.024559  0.024559  0.9465  3.87151  0.394535  3.02986  4.90394  1.87408 4312.79 1818
 5   21345    33.0   0.024559  0.024559  0.9465  3.87151  0.394535  3.02986  4.90394  1.87408 4312.79 0
 6   21925    33.9   0.024559  0.024559  0.9465  3.87151  0.394535  3.02986  4.90394  1.87408 4312.79 579
 6   21925    33.9   0.024559  0.024559  0.9465  3.87151  0.394535  3.02986  4.90394  1.87408 4312.79 0
 6   23820    36.8   0.024559  0.024559  0.9465  3.87151  0.394535  3.02986  4.90394  1.87408 4312.79 1894
 6   23820    36.8   0.024559  0.024559  0.9465  3.87151  0.394535  3.02986  4.90394  1.87408 4312.79 0
 7   27177    42.0   0.024559  0.024559  0.9465  3.87151  0.394535  3.02986  4.90394  1.87408 4312.79 3356
 7   27177    42.0   0.024559  0.024559  0.9465  3.87151  0.394535  3.02986  4.90394  1.87408 4312.79 0
 8   29254    45.2   0.024559  0.024559  0.9465  3.87151  0.394535  3.02986  4.90394  1.87408 4312.79 2076
 8   29254    45.2   0.024559  0.024559  0.9465  3.87151  0.394535  3.02986  4.90394  1.87408 4312.79 0
 8   29432    45.5   0.024559  0.024559  0.9465  3.87151  0.394535  3.02986  4.90394  1.87408 4312.79 177
 8   29432    45.5   0.024559  0.024559  0.9465  3.87151  0.394535  3.02986  4.90394  1.87408 4312.79 0
 8   31618    49.0   0.024559  0.024559  0.9465  3.87151  0.394535  3.02986  4.90394  1.87408 4312.79 2185
 8   31618    49.0   0.024559  0.024559  0.9465  3.87151  0.394535  3.02986  4.90394  1.87408 4312.79 0
 9   33154    51.4   0.024559  0.024559  0.9465  3.87151  0.394535  3.02986  4.90394  1.87408 4312.79 1535
 9   33154    51.4   0.024559  0.024559  0.9465  3.87151  0.394535  3.02986  4.90394  1.87408 4312.79 0
 9   33584    52.0   0.024559  0.024559  0.9465  3.87151  0.394535  3.02986  4.90394  1.87408 4312.79 429
 9   33584    52.0   0.024559  0.024559  0.9465  3.87151  0.394535  3.02986  4.90394  1.87408 4312.79 0
 9   34265    53.1   0.024559  0.024559  0.9465  3.87151  0.394535  3.02986  4.90394  1.87408 4312.79 680
 9   34265    53.1   0.024559  0.024559  0.9465  3.87151  0.394535  3.02986  4.90394  1.87408 4312.79 0
10   37683    58.4   0.024559  0.024559  0.9465  3.87151  0.394535  3.02986  4.90394  1.87408 4312.79 3417
10   37683    58.4   0.024559  0.024559  0.9465  3.87151  0.394535  3.02986  4.90394  1.87408 4312.79 0
10   38683    60.0   0.024559  0.024559  0.9465  3.87151  0.394535  3.02986  4.90394  1.87408 4312.79 1000
10   39417    61.2   0.024559  0.024559  0.9465  3.87151  0.394535  3.02986  4.90394  1.87408 4312.79 1733
10   39417    61.2   0.024559  0.024559  0.9465  3.87151  0.394535  3.02986  4.90394  1.87408 4312.79 0
10   40522    62.9   0.024559  0.024559  0.9465  3.87151  0.394535  3.02986  4.90394  1.87408 4312.79 1104
10   40522    62.9   0.024559  0.024559  0.9465  3.87151  0.394535  3.02986  4.90394  1.87408 4312.79 0
11   44300    68.8   0.024559  0.024559  0.9465  3.87151  0.394535  3.02986  4.90394  1.87408 4312.79 3777
11   44300    68.8   0.024559  0.024559  0.9465  3.87151  0.394535  3.02986  4.90394  1.87408 4312.79 0
13   48890    76.0   0.024559  0.024559  0.9465  3.87151  0.394535  3.02986  4.90394  1.87408 4312.79 4589
13   48890    76.0   0.024559  0.024559  0.9465  3.87151  0.394535  3.02986  4.90394  1.87408 4312.79 0
14   53586    83.4   0.024559  0.024559  0.9465  3.87151  0.394535  3.02986  4.90394  1.87408 4312.79 4695
14   53586    83.4   0.024559  0.024559  0.9465  3.87151  0.394535  3.02986  4.90394  1.87408 4312.79 0
14   53629    83.4   0.024559  0.024559  0.9465  3.87151  0.394535  3.02986  4.90394  1.87408 4312.79 42
14   53629    83.4   0.024559  0.024559  0.9465  3.87151  0.394535  3.02986  4.90394  1.87408 4312.79 0
15   58427    90.9   0.024559  0.024559  0.9465  3.87151  0.394535  3.02986  4.90394  1.87408 4312.79 4797
15   58427    90.9   0.024559  0.024559  0.9465  3.87151  0.394535  3.02986  4.90394  1.87408 4312.79 0
17   63730    99.2   0.024559  0.024559  0.9465  3.87151  0.394535  3.02986  4.90394  1.87408 4312.79 5302
17   63730    99.2   0.024559  0.024559  0.9465  3.87151  0.394535  3.02986  4.90394  1.87408 4312.79 0
18   69019   107.6   0.024559  0.024559  0.9465  3.87151  0.394535  3.02986  4.90394  1.87408 4312.79 5288
18   69019   107.6   0.024559  0.024559  0.9465  3.87151  0.394535  3.02986  4.90394  1.87408 4312.79 0
20   76864   120.0   0.024559  0.024559  0.9465  3.87151  0.394535  3.02986  4.90394  1.87408 4312.79 7845
20   78686   122.9   0.024559  0.024559  0.9465  3.87151  0.394535  3.02986  4.90394  1.87408 4312.79 9666
20   78686   122.9   0.024559  0.024559  0.9465  3.87151  0.394535  3.02986  4.90394  1.87408 4312.79 0
21   79559   124.3   0.024559  0.024559  0.9465  3.87151  0.394535  3.02986  4.90394  1.87408 4312.79 872
21   79559   124.3   0.024559  0.024559  0.9465  3.87151  0.394535  3.02986  4.90394  1.87408 4312.79 0
21   80438   125.7   0.024559  0.024559  0.9465  3.87151  0.394535  3.02986  4.90394  1.87408 4312.79 878
21   80438   125.7   0.024559  0.024559  0.9465  3.87151  0.394535  3.02986  4.90394  1.87408 4312.79 0
21   81262   126.9   0.024559  0.024559  0.9465  3.87151  0.394535  3.02986  4.90394  1.87408 4312.79 823
21   81262   126.9   0.024559  0.024559  0.9465  3.87151  0.394535  3.02986  4.90394  1.87408 4312.79 0
22   82807   129.3   0.024559  0.024559  0.9465  3.87151  0.394535  3.02986  4.90394  1.87408 4312.79 1544
22   82807   129.3   0.024559  0.024559  0.9465  3.87151  0.394535  3.02986  4.90394  1.87408 4312.79 0
23   87733   137.1   0.024559  0.024559  0.9465  3.87151  0.394535  3.02986  4.90394  1.87408 4312.79 4925
23   87733   137.1   0.024559  0.024559  0.9465  3.87151  0.394535  3.02986  4.90394  1.87408 4312.79 0
25   97425   152.4   0.024559  0.024559  0.9465  3.87151  0.394535  3.02986  4.90394  1.87408 4312.79 9691
25   97425   152.4   0.024559  0.024559  0.9465  3.87151  0.394535  3.02986  4.90394  1.87408 4312.79 0
30  114755   180.1   0.024559  0.024559  0.9465  3.87151  0.394535  3.02986  4.90394  1.87408 4312.79 17330
30  116295   182.5   0.024559  0.024559  0.9465  3.87151  0.394535  3.02986  4.90394  1.87408 4312.79 18869
30  116295   182.5   0.024559  0.024559  0.9465  3.87151  0.394535  3.02986  4.90394  1.87408 4312.79 0
31  119166   187.1   0.024559  0.024559  0.9465  3.87151  0.394535  3.02986  4.90394  1.87408 4312.79 2870
31  119166   187.1   0.024559  0.024559  0.9465  3.87151  0.394535  3.02986  4.90394  1.87408 4312.79 0
31  119530   187.7   0.024559  0.024559  0.9465  3.87151  0.394535  3.02986  4.90394  1.87408 4312.79 363
31  119530   187.7   0.024559  0.024559  0.9465  3.87151  0.394535  3.02986  4.90394  1.87408 4312.79 0
32  120440   189.1   0.024559  0.024559  0.9465  3.87151  0.394535  3.02986  4.90394  1.87408 4312.79 909
32  120440   189.1   0.024559  0.024559  0.9465  3.87151  0.394535  3.02986  4.90394  1.87408 4312.79 0
33  124134   195.1   0.024559  0.024559  0.9465  3.87151  0.394535  3.02986  4.90394  1.87408 4312.79 3693
33  124134   195.1   0.024559  0.024559  0.9465  3.87151  0.394535  3.02986  4.90394  1.87408 4312.79 0
35  134679   212.1   0.024559  0.024559  0.9465  3.87151  0.394535  3.02986  4.90394  1.87408 4312.79 10544
35  134679   212.1   0.024559  0.024559  0.9465  3.87151  0.394535  3.02986  4.90394  1.87408 4312.79 0
35  134923   212.5   0.024559  0.024559  0.9465  3.87151  0.394535  3.02986  4.90394  1.87408 4312.79 243
35  134923   212.5   0.024559  0.024559  0.9465  3.87151  0.394535  3.02986  4.90394  1.87408 4312.79 0
40  151821   240.1   0.024559  0.024559  0.9465  3.87151  0.394535  3.02986  4.90394  1.87408 4312.79 16898
41  155828   246.6   0.024559  0.024559  0.9465  3.87151  0.394535  3.02986  4.90394  1.87408 4312.79 20904
41  155828   246.6   0.024559  0.024559  0.9465  3.87151  0.394535  3.02986  4.90394  1.87408 4312.79 0
43  163440   259.1   0.024559  0.024559  0.9465  3.87151  0.394535  3.02986  4.90394  1.87408 4312.79 7611
43  163440   259.1   0.024559  0.024559  0.9465  3.87151  0.394535  3.02986  4.90394  1.87408 4312.79 0
44  165048   261.8   0.024559  0.024559  0.9465  3.87151  0.394535  3.02986  4.90394  1.87408 4312.79 1607
44  165048   261.8   0.024559  0.024559  0.9465  3.87151  0.394535  3.02986  4.90394  1.87408 4312.79 0
46  174240   277.2   0.024559  0.024559  0.9465  3.87151  0.394535  3.02986  4.90394  1.87408 4312.79 9191
46  174240   277.2   0.024559  0.024559  0.9465  3.87151  0.394535  3.02986  4.90394  1.87408 4312.79 0
50  187949   300.1   0.024559  0.024559  0.9465  3.87151  0.394535  3.02986  4.90394  1.87408 4312.79 13709
50  188605   301.2   0.024559  0.024559  0.9465  3.87151  0.394535  3.02986  4.90394  1.87408 4312.79 14364
50  188605   301.2   0.024559  0.024559  0.9465  3.87151  0.394535  3.02986  4.90394  1.87408 4312.79 0
53  198444   317.6   0.024559  0.024559  0.9465  3.87151  0.394535  3.02986  4.90394  1.87408 4312.79 9838
53  198444   317.6   0.024559  0.024559  0.9465  3.87151  0.394535  3.02986  4.90394  1.87408 4312.79 0
55  207038   332.0   0.024559  0.024559  0.9465  3.87151  0.394535  3.02986  4.90394  1.87408 4312.79 8593
55  207038   332.0   0.024559  0.024559  0.9465  3.87151  0.394535  3.02986  4.90394  1.87408 4312.79 0
60  223825   360.1   0.024559  0.024559  0.9465  3.87151  0.394535  3.02986  4.90394  1.87408 4312.79 16787
64  239426   386.1   0.024559  0.024559  0.9465  3.87151  0.394535  3.02986  4.90394  1.87408 4312.79 32387
64  239426   386.1   0.024559  0.024559  0.9465  3.87151  0.394535  3.02986  4.90394  1.87408 4312.79 0
67  248177   400.8   0.024559  0.024559  0.9465  3.87151  0.394535  3.02986  4.90394  1.87408 4312.79 8750
67  248177   400.8   0.024559  0.024559  0.9465  3.87151  0.394535  3.02986  4.90394  1.87408 4312.79 0
70  259734   420.1   0.024559  0.024559  0.9465  3.87151  0.394535  3.02986  4.90394  1.87408 4312.79 11557
71  261905   423.7   0.024559  0.024559  0.9465  3.87151  0.394535  3.02986  4.90394  1.87408 4312.79 13727
71  261905   423.7   0.024559  0.024559  0.9465  3.87151  0.394535  3.02986  4.90394  1.87408 4312.79 0
73  270976   438.8   0.024559  0.024559  0.9465  3.87151  0.394535  3.02986  4.90394  1.87408 4312.79 9070
73  270976   438.8   0.024559  0.024559  0.9465  3.87151  0.394535  3.02986  4.90394  1.87408 4312.79 0
76  282639   458.2   0.024559  0.024559  0.9465  3.87151  0.394535  3.02986  4.90394  1.87408 4312.79 11662
76  282639   458.2   0.0245625  0.0245625  0.9465  3.86342  0.348087  2.9642  4.69377  1.72957 4318.66 0
80  295789   480.1   0.0245625  0.0245625  0.9465  3.86342  0.348087  2.9642  4.69377  1.72957 4318.66 13150
81  298539   484.7   0.0245625  0.0245625  0.9465  3.86342  0.348087  2.9642  4.69377  1.72957 4318.66 15899
81  298539   484.7   0.0245625  0.0245625  0.9465  3.86342  0.348087  2.9642  4.69377  1.72957 4318.66 0
90  331870   540.1   0.0245625  0.0245625  0.9465  3.86342  0.348087  2.9642  4.69377  1.72957 4318.66 33331
91  334984   545.3   0.0245625  0.0245625  0.9465  3.86342  0.348087  2.9642  4.69377  1.72957 4318.66 36444
91  334984   545.3   0.0245625  0.0245625  0.9465  3.86342  0.348087  2.9642  4.69377  1.72957 4318.66 0
99  365217   595.5   0.0245625  0.0245625  0.9465  3.86342  0.348087  2.9642  4.69377  1.72957 4318.66 30232
99  365217   595.5   0.0245625  0.0245625  0.9465  3.86342  0.348087  2.9642  4.69377  1.72957 4318.66 0
100  367904   600.0   0.0245625  0.0245625  0.9465  3.86342  0.348087  2.9642  4.69377  1.72957 4318.66 2687
EndUpdateLog

Done
